[      51ms] [INFO] %cDownload the React DevTools for a better development experience: https://react.dev/link/react-devtools font-weight:bold @ http://localhost:3000/_next/static/chunks/node_modules_next_dist_1e8vcs8._.js:776
[      58ms] [LOG] [HMR] connected @ http://localhost:3000/_next/static/chunks/node_modules_next_dist_1e8vcs8._.js:776
[     193ms] [WARNING] THREE.Clock: This module has been deprecated. Please use THREE.Timer instead. @ http://localhost:3000/_next/static/chunks/node_modules_next_dist_1e8vcs8._.js:776
[     213ms] [WARNING] THREE.WebGLShadowMap: PCFSoftShadowMap has been removed. Using PCFShadowMap instead. @ http://localhost:3000/_next/static/chunks/node_modules_next_dist_1e8vcs8._.js:776
[    3477ms] [WARNING] THREE.WebGLShadowMap: PCFSoftShadowMap has been removed. Using PCFShadowMap instead. @ http://localhost:3000/_next/static/chunks/node_modules_next_dist_1e8vcs8._.js:776
[   14403ms] [ERROR] WebSocket connection to 'ws://localhost:3000/_next/hmr?id=zNRSyTe70jOOn1-g-Hm4m' failed: Error in connection establishment: net::ERR_CONNECTION_REFUSED @ http://localhost:3000/_next/static/chunks/node_modules_next_dist_client_0_90u2t._.js:16348
[   15407ms] [ERROR] WebSocket connection to 'ws://localhost:3000/_next/hmr?id=zNRSyTe70jOOn1-g-Hm4m' failed: Error in connection establishment: net::ERR_CONNECTION_REFUSED @ http://localhost:3000/_next/static/chunks/node_modules_next_dist_client_0_90u2t._.js:16348
[   16409ms] [ERROR] WebSocket connection to 'ws://localhost:3000/_next/hmr?id=zNRSyTe70jOOn1-g-Hm4m' failed: Error in connection establishment: net::ERR_CONNECTION_REFUSED @ http://localhost:3000/_next/static/chunks/node_modules_next_dist_client_0_90u2t._.js:16348
[   17414ms] [ERROR] WebSocket connection to 'ws://localhost:3000/_next/hmr?id=zNRSyTe70jOOn1-g-Hm4m' failed: Error in connection establishment: net::ERR_CONNECTION_REFUSED @ http://localhost:3000/_next/static/chunks/node_modules_next_dist_client_0_90u2t._.js:16348
[   18418ms] [ERROR] WebSocket connection to 'ws://localhost:3000/_next/hmr?id=zNRSyTe70jOOn1-g-Hm4m' failed: Error in connection establishment: net::ERR_CONNECTION_REFUSED @ http://localhost:3000/_next/static/chunks/node_modules_next_dist_client_0_90u2t._.js:16348
[   23426ms] [ERROR] WebSocket connection to 'ws://localhost:3000/_next/hmr?id=zNRSyTe70jOOn1-g-Hm4m' failed: Error in connection establishment: net::ERR_CONNECTION_REFUSED @ http://localhost:3000/_next/static/chunks/node_modules_next_dist_client_0_90u2t._.js:16348
[   28682ms] [LOG] [HMR] connected @ http://localhost:3000/_next/static/chunks/node_modules_next_dist_1e8vcs8._.js:776
[   28778ms] [INFO] %cDownload the React DevTools for a better development experience: https://react.dev/link/react-devtools font-weight:bold @ http://localhost:3000/_next/static/chunks/node_modules_next_dist_1e8vcs8._.js:776
[   28792ms] [LOG] [HMR] connected @ http://localhost:3000/_next/static/chunks/node_modules_next_dist_1e8vcs8._.js:776
[   28950ms] [WARNING] THREE.Clock: This module has been deprecated. Please use THREE.Timer instead. @ http://localhost:3000/_next/static/chunks/node_modules_next_dist_1e8vcs8._.js:776
[   28978ms] [WARNING] THREE.WebGLShadowMap: PCFSoftShadowMap has been removed. Using PCFShadowMap instead. @ http://localhost:3000/_next/static/chunks/node_modules_next_dist_1e8vcs8._.js:776
[   57009ms] [ERROR] WebSocket connection to 'ws://localhost:3000/_next/hmr?id=a0AiZhm_l6TISqhQ4UX-M' failed: Error in connection establishment: net::ERR_CONNECTION_REFUSED @ http://localhost:3000/_next/static/chunks/node_modules_next_dist_client_0_90u2t._.js:16348
[   58011ms] [ERROR] WebSocket connection to 'ws://localhost:3000/_next/hmr?id=a0AiZhm_l6TISqhQ4UX-M' failed: Error in connection establishment: net::ERR_CONNECTION_REFUSED @ http://localhost:3000/_next/static/chunks/node_modules_next_dist_client_0_90u2t._.js:16348
[   59012ms] [ERROR] WebSocket connection to 'ws://localhost:3000/_next/hmr?id=a0AiZhm_l6TISqhQ4UX-M' failed: Error in connection establishment: net::ERR_CONNECTION_REFUSED @ http://localhost:3000/_next/static/chunks/node_modules_next_dist_client_0_90u2t._.js:16348
[   60014ms] [ERROR] WebSocket connection to 'ws://localhost:3000/_next/hmr?id=a0AiZhm_l6TISqhQ4UX-M' failed: Error in connection establishment: net::ERR_CONNECTION_REFUSED @ http://localhost:3000/_next/static/chunks/node_modules_next_dist_client_0_90u2t._.js:16348
[   61016ms] [ERROR] WebSocket connection to 'ws://localhost:3000/_next/hmr?id=a0AiZhm_l6TISqhQ4UX-M' failed: Error in connection establishment: net::ERR_CONNECTION_REFUSED @ http://localhost:3000/_next/static/chunks/node_modules_next_dist_client_0_90u2t._.js:16348
